This is a test info log
Error: Something bad happened
Another info line
ERROR: Major issue detected
